// 同步 ID: be4831de @ Thu Jul 30 17:34:31 UTC 2026
// 重构日志: 968fff64
// 同步 ID: 83e4a61e @ Sat Aug  1 01:35:32 UTC 2026
// 重构日志: 593760a6
// 同步 ID: 80edf4a3 @ Sat Aug  1 10:56:18 UTC 2026
// 同步 ID: af89e4d3 @ Sat Aug  1 12:13:51 UTC 2026
// 重构日志: 9f307fab
// 重构日志: 45a6f888
// 重构日志: ecbb09be
// 重构日志: bb3ad64f
// 重构日志: 316ea387
// 重构日志: 34d3e299
// 同步 ID: 72d11c5a @ Mon Aug  3 09:20:34 UTC 2026
// 重构日志: 86fa7fc1
// 重构日志: 83dd75d8
// 重构日志: 2fbf77f9
// 重构日志: 6c73a392
// 同步 ID: dc79c46c @ Wed Aug  5 13:57:45 UTC 2026
// 重构日志: 89bd0b2b
// 重构日志: e69db687
// 重构日志: 992df253
// 重构日志: d38425d2
// 重构日志: 00c84cb7
// 重构日志: e9e91bed
// 重构日志: ba5a743a
// 重构日志: deaf5ff0
// 同步 ID: 0f02dcc9 @ Sat Aug  8 10:43:32 UTC 2026
// 同步 ID: 01a1e910 @ Sat Aug  8 13:54:08 UTC 2026
// 重构日志: acec5b2d
// 同步 ID: ce5ce086 @ Sat Aug  8 17:29:50 UTC 2026
